------------------------------------------------------------
Timing Analyzer Summary
------------------------------------------------------------

Type  : Slow 1100mV 85C Model Setup 'clk'
Slack : -0.244
TNS   : -0.859

Type  : Slow 1100mV 85C Model Hold 'clk'
Slack : 0.269
TNS   : 0.000

Type  : Slow 1100mV 85C Model Minimum Pulse Width 'clk'
Slack : -0.538
TNS   : -7.169

Type  : Slow 1100mV 0C Model Setup 'clk'
Slack : -0.283
TNS   : -0.984

Type  : Slow 1100mV 0C Model Hold 'clk'
Slack : 0.256
TNS   : 0.000

Type  : Slow 1100mV 0C Model Minimum Pulse Width 'clk'
Slack : -0.538
TNS   : -7.124

Type  : Fast 1100mV 85C Model Setup 'clk'
Slack : 0.397
TNS   : 0.000

Type  : Fast 1100mV 85C Model Hold 'clk'
Slack : 0.135
TNS   : 0.000

Type  : Fast 1100mV 85C Model Minimum Pulse Width 'clk'
Slack : -0.265
TNS   : -2.431

Type  : Fast 1100mV 0C Model Setup 'clk'
Slack : 0.434
TNS   : 0.000

Type  : Fast 1100mV 0C Model Hold 'clk'
Slack : 0.122
TNS   : 0.000

Type  : Fast 1100mV 0C Model Minimum Pulse Width 'clk'
Slack : -0.268
TNS   : -2.484

------------------------------------------------------------
